TGGATATTAAGC	1	0.000215749730312837	1	0.000215749730312837	0
ATGCAGATTCTC	1	0.000215749730312837	1	0.000215749730312837	0
TCCAAAAGACAG	3	0.000647249190938511	1	0.000215749730312837	1.09861228866811
AATACTATGAAA	1	0.000215749730312837	1	0.000215749730312837	0
AAATTCTATTCC	4	0.000862998921251348	1	0.000215749730312837	1.38629436111989
TTCTGAGCAAGA	1	0.000215749730312837	1	0.000215749730312837	0
ATCATTATGTTA	1	0.000215749730312837	1	0.000215749730312837	0
ACCAGAATATAT	1	0.000215749730312837	1	0.000215749730312837	0
ACTCTTTCACCA	1	0.000215749730312837	1	0.000215749730312837	0
TCCTCTCAGCAG	1	0.000215749730312837	1	0.000215749730312837	0
GTTGGTGGGAAT	1	0.000215749730312837	1	0.000215749730312837	0
TTGGGTTGGTGG	2	0.000431499460625674	1	0.000215749730312837	0.693147180559945
CAATGGTTCCAG	2	0.000431499460625674	1	0.000215749730312837	0.693147180559945
CACTGCTGGGTA	2	0.000431499460625674	1	0.000215749730312837	0.693147180559945
ACATGGGGAATT	1	0.000215749730312837	1	0.000215749730312837	0
CAGCTCTGTTTA	4	0.000862998921251348	1	0.000215749730312837	1.38629436111989
ATGTAAGAGGCA	1	0.000215749730312837	1	0.000215749730312837	0
CAACGAGCTTTA	1	0.000215749730312837	1	0.000215749730312837	0
TCTCAAAAGAAG	1	0.000215749730312837	2	0.000431499460625674	-0.693147180559945
CCCCCATGACAA	1	0.000215749730312837	2	0.000431499460625674	-0.693147180559945
GAAAATGAGGTA	1	0.000215749730312837	1	0.000215749730312837	0
GGATATTAAGCT	1	0.000215749730312837	1	0.000215749730312837	0
CTTCTGAGCAAG	1	0.000215749730312837	1	0.000215749730312837	0
ATAAAGGGTTGT	1	0.000215749730312837	1	0.000215749730312837	0
TGTACTGATAAA	1	0.000215749730312837	1	0.000215749730312837	0
TACGATAAGTAT	1	0.000215749730312837	1	0.000215749730312837	0
TGGGGTGGCTCA	1	0.000215749730312837	1	0.000215749730312837	0
ACATAGCCCAAC	2	0.000431499460625674	1	0.000215749730312837	0.693147180559945
AGAGATGTCTGC	1	0.000215749730312837	1	0.000215749730312837	0
ACCACTATGGAG	1	0.000215749730312837	1	0.000215749730312837	0
ACGATAAGTATT	1	0.000215749730312837	1	0.000215749730312837	0
CTTTATTGTGGA	1	0.000215749730312837	1	0.000215749730312837	0
GTTTTTCATAGT	1	0.000215749730312837	1	0.000215749730312837	0
AGATTACAAGTA	1	0.000215749730312837	1	0.000215749730312837	0
CAGTGGTTCTCA	1	0.000215749730312837	2	0.000431499460625674	-0.693147180559945
ACTGGCCGGGTG	1	0.000215749730312837	1	0.000215749730312837	0
TTTGGGTTGGTG	2	0.000431499460625674	1	0.000215749730312837	0.693147180559945
ATTTGGAAGCAA	2	0.000431499460625674	1	0.000215749730312837	0.693147180559945
CTTTAAGAAACA	1	0.000215749730312837	1	0.000215749730312837	0
AATGGTTCCAGT	2	0.000431499460625674	2	0.000431499460625674	0
TAAATTAGGTTA	1	0.000215749730312837	2	0.000431499460625674	-0.693147180559945
TATACGGTGTCC	1	0.000215749730312837	1	0.000215749730312837	0
ATAAGCCTGACT	1	0.000215749730312837	1	0.000215749730312837	0
TTATTTGTGGGA	1	0.000215749730312837	1	0.000215749730312837	0
AAAACATGTTAA	1	0.000215749730312837	1	0.000215749730312837	0
GAAAAGGGAACC	1	0.000215749730312837	2	0.000431499460625674	-0.693147180559945
GCAATCTGTGAG	1	0.000215749730312837	1	0.000215749730312837	0
AAAATGGGTGCC	1	0.000215749730312837	1	0.000215749730312837	0
GTGTTAAAAACT	2	0.000431499460625674	2	0.000431499460625674	0
CTTAGGTATGAA	1	0.000215749730312837	2	0.000431499460625674	-0.693147180559945
AAAAAAAATAAG	1	0.000215749730312837	1	0.000215749730312837	0
ATCTACCACAAA	2	0.000431499460625674	1	0.000215749730312837	0.693147180559945
TGATTCATAAAG	1	0.000215749730312837	1	0.000215749730312837	0
GCTTGTATACTC	1	0.000215749730312837	1	0.000215749730312837	0
GTTAGATATCAG	1	0.000215749730312837	1	0.000215749730312837	0
AGCTAAAAGAGC	1	0.000215749730312837	1	0.000215749730312837	0
ACCCCCATGACA	1	0.000215749730312837	1	0.000215749730312837	0
GTCTTAATGGAC	1	0.000215749730312837	1	0.000215749730312837	0
GGTACAGCTAAG	1	0.000215749730312837	1	0.000215749730312837	0
TTACTATTCCTC	3	0.000647249190938511	1	0.000215749730312837	1.09861228866811
GTGGTTCTCAAA	1	0.000215749730312837	1	0.000215749730312837	0
AAGAAAATGTGG	1	0.000215749730312837	1	0.000215749730312837	0
ACAACATGGATG	2	0.000431499460625674	1	0.000215749730312837	0.693147180559945
CATTGGTGTGGT	1	0.000215749730312837	1	0.000215749730312837	0
AAAAGATGGTTC	1	0.000215749730312837	1	0.000215749730312837	0
TATCTCATCTGT	1	0.000215749730312837	1	0.000215749730312837	0
GCAATCTGAGTT	1	0.000215749730312837	1	0.000215749730312837	0
GTTCTCAAAGTG	1	0.000215749730312837	1	0.000215749730312837	0
GGGGGGAGGTGG	1	0.000215749730312837	1	0.000215749730312837	0
TAATGCTTCAGT	1	0.000215749730312837	1	0.000215749730312837	0
TCTTTGAGATTG	1	0.000215749730312837	1	0.000215749730312837	0
CCGTAGCACCCG	1	0.000215749730312837	1	0.000215749730312837	0
TCCCACTGGCTT	1	0.000215749730312837	1	0.000215749730312837	0
TATGAAAAGGTG	2	0.000431499460625674	1	0.000215749730312837	0.693147180559945
CCAACCTTTGGG	3	0.000647249190938511	1	0.000215749730312837	1.09861228866811
GCCCCACAGCCT	1	0.000215749730312837	1	0.000215749730312837	0
CGGGTGGGGTGG	1	0.000215749730312837	1	0.000215749730312837	0
GTTTGGTGACCT	1	0.000215749730312837	1	0.000215749730312837	0
TACAGCCTGTTC	1	0.000215749730312837	1	0.000215749730312837	0
CGCACCAACATA	1	0.000215749730312837	1	0.000215749730312837	0
AACATCATTGAT	2	0.000431499460625674	1	0.000215749730312837	0.693147180559945
TATAAGATTTGG	1	0.000215749730312837	1	0.000215749730312837	0
TTGAACAACAGG	1	0.000215749730312837	1	0.000215749730312837	0
AAGCAGTGGTTC	2	0.000431499460625674	1	0.000215749730312837	0.693147180559945
ATGAAAAATTCA	2	0.000431499460625674	1	0.000215749730312837	0.693147180559945
TAAGGAGCTCAA	2	0.000431499460625674	1	0.000215749730312837	0.693147180559945
TAGATAGAGATT	1	0.000215749730312837	1	0.000215749730312837	0
AGCAGGGGATCA	1	0.000215749730312837	1	0.000215749730312837	0
TTATCCATACTG	1	0.000215749730312837	1	0.000215749730312837	0
AAAAAAAGGAAA	1	0.000215749730312837	1	0.000215749730312837	0
GTATACTCATCA	1	0.000215749730312837	1	0.000215749730312837	0
AAAAGAGCACCC	1	0.000215749730312837	1	0.000215749730312837	0
AACTATATAGGA	1	0.000215749730312837	1	0.000215749730312837	0
TCCAATAGACAG	1	0.000215749730312837	1	0.000215749730312837	0
CATGTTCTCACT	1	0.000215749730312837	1	0.000215749730312837	0
GGCAAGGATGTG	1	0.000215749730312837	1	0.000215749730312837	0
GGCTTTCATTGG	1	0.000215749730312837	1	0.000215749730312837	0
ATCCCAGCACTT	1	0.000215749730312837	1	0.000215749730312837	0
TATAAGGGTACA	2	0.000431499460625674	1	0.000215749730312837	0.693147180559945
AGACCCTTACGC	1	0.000215749730312837	1	0.000215749730312837	0
TGCTGGGTATAT	3	0.000647249190938511	1	0.000215749730312837	1.09861228866811
AGATCCTCTCAG	1	0.000215749730312837	1	0.000215749730312837	0
TTGTGTATGCAG	1	0.000215749730312837	1	0.000215749730312837	0
CTCCTATGGCCA	1	0.000215749730312837	1	0.000215749730312837	0
CACCCCCATGAC	1	0.000215749730312837	1	0.000215749730312837	0
ACAACGAGCTTT	1	0.000215749730312837	1	0.000215749730312837	0
CCCCAGTTAAAA	1	0.000215749730312837	1	0.000215749730312837	0
CTACTGAATCAG	2	0.000431499460625674	1	0.000215749730312837	0.693147180559945
TTATATCCAAAA	2	0.000431499460625674	1	0.000215749730312837	0.693147180559945
AGTTTTATAGCA	1	0.000215749730312837	1	0.000215749730312837	0
AGATCTACCACA	1	0.000215749730312837	1	0.000215749730312837	0
TTTTACCTAAAA	3	0.000647249190938511	1	0.000215749730312837	1.09861228866811
