ACCTGGGAACTT	1	0.000253742704897234	1	0.000253742704897234	0
AGAGTTGTTTAA	1	0.000253742704897234	1	0.000253742704897234	0
TGAACCCTTGTA	1	0.000253742704897234	1	0.000253742704897234	0
GCATCACCTGGG	1	0.000253742704897234	1	0.000253742704897234	0
