AGACATACAAAT	2	0.00023028209556707	1	0.000115141047783535	0.693147180559945
AATCTAATAATC	9	0.00103626943005181	1	0.000115141047783535	2.19722457733622
CAATGAGATATC	12	0.00138169257340242	1	0.000115141047783535	2.484906649788
GACAAGCATCAG	1	0.000115141047783535	1	0.000115141047783535	0
GCTTATATCCAA	5	0.000575705238917674	1	0.000115141047783535	1.6094379124341
AATATGGCTTAT	3	0.000345423143350604	1	0.000115141047783535	1.09861228866811
ATATCAAAGAGA	3	0.000345423143350604	1	0.000115141047783535	1.09861228866811
AAAGAAGACATA	2	0.00023028209556707	1	0.000115141047783535	0.693147180559945
CAAAAAATGAGC	1	0.000115141047783535	1	0.000115141047783535	0
AAAGGAAATCAG	5	0.000575705238917674	1	0.000115141047783535	1.6094379124341
AATGAGTTCTCA	1	0.000115141047783535	1	0.000115141047783535	0
AATGAGGTACAT	1	0.000115141047783535	1	0.000115141047783535	0
CATACAAATGGC	3	0.000345423143350604	1	0.000115141047783535	1.09861228866811
TATTAAAGAGAT	1	0.000115141047783535	1	0.000115141047783535	0
ACAGATGGATGG	1	0.000115141047783535	1	0.000115141047783535	0
GCACTGCTAAGT	1	0.000115141047783535	1	0.000115141047783535	0
CAAGCAGGCATA	1	0.000115141047783535	1	0.000115141047783535	0
ATCAAAAAATGG	4	0.000460564191134139	1	0.000115141047783535	1.38629436111989
ATGGAGTACTAT	4	0.000460564191134139	1	0.000115141047783535	1.38629436111989
ATTTGGAAGCAA	1	0.000115141047783535	1	0.000115141047783535	0
CTGGGTATATAC	2	0.00023028209556707	1	0.000115141047783535	0.693147180559945
TCACCTGGGAAC	1	0.000115141047783535	1	0.000115141047783535	0
TTTGAGTCTTAT	4	0.000460564191134139	1	0.000115141047783535	1.38629436111989
TATGGAGAATAG	1	0.000115141047783535	1	0.000115141047783535	0
GGTACAGAAAGA	1	0.000115141047783535	1	0.000115141047783535	0
CTACTGAATCTA	4	0.000460564191134139	1	0.000115141047783535	1.38629436111989
CTTATACCCACA	1	0.000115141047783535	1	0.000115141047783535	0
AATGCAAATTAG	1	0.000115141047783535	1	0.000115141047783535	0
GAGATATCTTCA	1	0.000115141047783535	1	0.000115141047783535	0
TAAGATTTGGAA	1	0.000115141047783535	1	0.000115141047783535	0
TTCCATGTCTCA	1	0.000115141047783535	1	0.000115141047783535	0
TCATCTCACCCC	9	0.00103626943005181	1	0.000115141047783535	2.19722457733622
AGATGGCTTATA	1	0.000115141047783535	1	0.000115141047783535	0
AACATCATTGAT	6	0.000690846286701209	1	0.000115141047783535	1.79175946922805
AACTACAATGAG	4	0.000460564191134139	1	0.000115141047783535	1.38629436111989
GTTTGGAGGTTC	4	0.000460564191134139	1	0.000115141047783535	1.38629436111989
CAAAGAGATGTC	1	0.000115141047783535	1	0.000115141047783535	0
ATAATCCTATCA	2	0.00023028209556707	1	0.000115141047783535	0.693147180559945
TAAAAAATGGGC	1	0.000115141047783535	1	0.000115141047783535	0
GCTGGGTATATA	2	0.00023028209556707	1	0.000115141047783535	0.693147180559945
ATATGGCTTATA	3	0.000345423143350604	1	0.000115141047783535	1.09861228866811
AAGGCATATGAA	1	0.000115141047783535	2	0.00023028209556707	-0.693147180559945
CTTAATAACCAC	1	0.000115141047783535	1	0.000115141047783535	0
GAAAGAATGAAT	1	0.000115141047783535	1	0.000115141047783535	0
ACCCCAGTTAAG	1	0.000115141047783535	3	0.000345423143350604	-1.09861228866811
AGTTATCTGCAC	1	0.000115141047783535	1	0.000115141047783535	0
ACTTGAATATTG	1	0.000115141047783535	1	0.000115141047783535	0
TCAGTATTTCAA	1	0.000115141047783535	1	0.000115141047783535	0
AATGAAATATCA	1	0.000115141047783535	1	0.000115141047783535	0
CTGCTGGGTATA	4	0.000460564191134139	1	0.000115141047783535	1.38629436111989
ATCACATGTTCT	1	0.000115141047783535	1	0.000115141047783535	0
TCACCCCAGTTT	1	0.000115141047783535	1	0.000115141047783535	0
GGCAAACAGGCA	1	0.000115141047783535	1	0.000115141047783535	0
TGATTGATCATC	1	0.000115141047783535	1	0.000115141047783535	0
AAAGAAATCAGT	1	0.000115141047783535	1	0.000115141047783535	0
AAAAATCTAATA	10	0.00115141047783535	1	0.000115141047783535	2.30258509299405
GCATCAGCATCA	2	0.00023028209556707	1	0.000115141047783535	0.693147180559945
TAATCAAAAGAC	1	0.000115141047783535	1	0.000115141047783535	0
AAAAAATCTAAT	8	0.000921128382268279	1	0.000115141047783535	2.07944154167984
ACAGGCAATAAT	9	0.00103626943005181	1	0.000115141047783535	2.19722457733622
AGACAGGCAATG	5	0.000575705238917674	1	0.000115141047783535	1.6094379124341
TTAATATGGCTT	4	0.000460564191134139	1	0.000115141047783535	1.38629436111989
TGGCAAACTGGC	1	0.000115141047783535	1	0.000115141047783535	0
ACTAAAAATCTT	1	0.000115141047783535	1	0.000115141047783535	0
ATACAAATGGCA	3	0.000345423143350604	1	0.000115141047783535	1.09861228866811
CAAACATCACAT	1	0.000115141047783535	1	0.000115141047783535	0
GCAATCCCACTG	3	0.000345423143350604	1	0.000115141047783535	1.09861228866811
CAAAGGATAAAT	2	0.00023028209556707	1	0.000115141047783535	0.693147180559945
TATTGACATTTA	1	0.000115141047783535	1	0.000115141047783535	0
GAGAAAAGGGAA	6	0.000690846286701209	1	0.000115141047783535	1.79175946922805
TCAAAGAGATGT	1	0.000115141047783535	2	0.00023028209556707	-0.693147180559945
GGCTTATACCCA	1	0.000115141047783535	1	0.000115141047783535	0
AAGCCAGGTACA	1	0.000115141047783535	1	0.000115141047783535	0
TTTACTAGAGAT	1	0.000115141047783535	1	0.000115141047783535	0
CTAATAATCCGA	2	0.00023028209556707	1	0.000115141047783535	0.693147180559945
TTCTCAAAAGAA	1	0.000115141047783535	1	0.000115141047783535	0
ATGGAGAATAGT	1	0.000115141047783535	1	0.000115141047783535	0
GTAACTCAAAGG	2	0.00023028209556707	1	0.000115141047783535	0.693147180559945
CAACAGATGAAG	1	0.000115141047783535	1	0.000115141047783535	0
ATGGCAAACAGG	1	0.000115141047783535	1	0.000115141047783535	0
GAATAAGACCTA	1	0.000115141047783535	1	0.000115141047783535	0
CTTATATCCAAA	1	0.000115141047783535	1	0.000115141047783535	0
TGAATAAGACCT	1	0.000115141047783535	2	0.00023028209556707	-0.693147180559945
GAGCTACCATAT	5	0.000575705238917674	1	0.000115141047783535	1.6094379124341
