GAGAGTAGAAGG	5	0.000653253200940685	1	0.000130650640188137	1.6094379124341
ATATCAAAGAGA	1	0.000130650640188137	1	0.000130650640188137	0
TTGGTGGGAATG	3	0.000391951920564411	1	0.000130650640188137	1.09861228866811
GCAGCATCAGCA	5	0.000653253200940685	1	0.000130650640188137	1.6094379124341
AGATGAATGGAT	2	0.000261301280376274	1	0.000130650640188137	0.693147180559945
TGGCGAGGATGT	4	0.000522602560752548	1	0.000130650640188137	1.38629436111989
CATATGATCCAG	9	0.00117585576169323	1	0.000130650640188137	2.19722457733622
TCCCACTGCTGG	3	0.000391951920564411	1	0.000130650640188137	1.09861228866811
TGCTGGCGAGGA	5	0.000653253200940685	1	0.000130650640188137	1.6094379124341
AATAATCAGATC	1	0.000130650640188137	1	0.000130650640188137	0
ACATCATTGATC	6	0.000783903841128822	1	0.000130650640188137	1.79175946922805
CAACTCTATACA	2	0.000261301280376274	1	0.000130650640188137	0.693147180559945
TAACAAATGCTG	4	0.000522602560752548	1	0.000130650640188137	1.38629436111989
CAATAGCTAAGA	2	0.000261301280376274	1	0.000130650640188137	0.693147180559945
GAGATATCATCT	4	0.000522602560752548	1	0.000130650640188137	1.38629436111989
ATACCCAAAAGA	2	0.000261301280376274	1	0.000130650640188137	0.693147180559945
AATGTGGAGAAA	1	0.000130650640188137	1	0.000130650640188137	0
GTATATCAAAGA	5	0.000653253200940685	1	0.000130650640188137	1.6094379124341
CCAGCAGCATCA	4	0.000522602560752548	1	0.000130650640188137	1.38629436111989
AAAATCTAATAA	6	0.000783903841128822	1	0.000130650640188137	1.79175946922805
TAAAAATTGAGC	8	0.0010452051215051	1	0.000130650640188137	2.07944154167984
GGGAACTTGTTA	4	0.000522602560752548	1	0.000130650640188137	1.38629436111989
TCATCAGAGAAA	1	0.000130650640188137	1	0.000130650640188137	0
ATAGCTAAGATT	2	0.000261301280376274	1	0.000130650640188137	0.693147180559945
CGAGGATGTGGA	2	0.000261301280376274	1	0.000130650640188137	0.693147180559945
ATAGGAAAAAAT	7	0.000914554481316958	2	0.000261301280376274	1.25276296849537
GGAGGTTCCTCA	5	0.000653253200940685	1	0.000130650640188137	1.6094379124341
GATTTGAATAGA	3	0.000391951920564411	1	0.000130650640188137	1.09861228866811
CGATCAAAAAAT	1	0.000130650640188137	1	0.000130650640188137	0
ACAGGCAATGAC	1	0.000130650640188137	1	0.000130650640188137	0
TAATAATCCGAT	2	0.000261301280376274	1	0.000130650640188137	0.693147180559945
TCTAATAATCCG	2	0.000261301280376274	1	0.000130650640188137	0.693147180559945
TATCTGCACTCC	2	0.000261301280376274	1	0.000130650640188137	0.693147180559945
AACAGATGAATG	3	0.000391951920564411	1	0.000130650640188137	1.09861228866811
AAAATGTGGTAC	2	0.000261301280376274	1	0.000130650640188137	0.693147180559945
GTTTGTTGCAGC	3	0.000391951920564411	1	0.000130650640188137	1.09861228866811
ATCTAAAAATCA	4	0.000522602560752548	1	0.000130650640188137	1.38629436111989
TGGAGAACAGTT	1	0.000130650640188137	1	0.000130650640188137	0
CTTAGTTAAAAT	3	0.000391951920564411	1	0.000130650640188137	1.09861228866811
