GAGGCCCAGTCA	1	0.000106089539571398	1	0.000106089539571398	0
TGGCTCAGGCCT	2	0.000212179079142797	1	0.000106089539571398	0.693147180559945
AGGGCTTTAGGG	1	0.000106089539571398	1	0.000106089539571398	0
GTGAGACCCCAT	1	0.000106089539571398	1	0.000106089539571398	0
AGATTACTAGGA	1	0.000106089539571398	1	0.000106089539571398	0
ACTTTTGGAGTG	1	0.000106089539571398	1	0.000106089539571398	0
AAGGTACAGCTA	2	0.000212179079142797	1	0.000106089539571398	0.693147180559945
GAGTTAGAGGCT	1	0.000106089539571398	1	0.000106089539571398	0
TTAATAACTTGA	1	0.000106089539571398	1	0.000106089539571398	0
CTAATTAGTGTT	1	0.000106089539571398	1	0.000106089539571398	0
GAGCAAGATCCT	1	0.000106089539571398	1	0.000106089539571398	0
CTACACAAGCCT	1	0.000106089539571398	1	0.000106089539571398	0
GGAAACTCATGA	1	0.000106089539571398	1	0.000106089539571398	0
ACACAGCCTGGC	1	0.000106089539571398	1	0.000106089539571398	0
AGAAACACAGGG	1	0.000106089539571398	1	0.000106089539571398	0
ACAGCCTGGCGC	1	0.000106089539571398	1	0.000106089539571398	0
GGTGTCCAATAT	1	0.000106089539571398	1	0.000106089539571398	0
GCCATGCATTAC	1	0.000106089539571398	1	0.000106089539571398	0
GTGGGGCCCAGC	2	0.000212179079142797	1	0.000106089539571398	0.693147180559945
GAATATCATAAG	1	0.000106089539571398	1	0.000106089539571398	0
TAGGGAGGCTGA	1	0.000106089539571398	1	0.000106089539571398	0
GATGACCAAGGG	1	0.000106089539571398	1	0.000106089539571398	0
TAACAGCCGGAG	1	0.000106089539571398	1	0.000106089539571398	0
AGCTGGTAAATA	1	0.000106089539571398	1	0.000106089539571398	0
CATCATTTATAG	1	0.000106089539571398	1	0.000106089539571398	0
TCAACTGCAGTG	1	0.000106089539571398	1	0.000106089539571398	0
AACAGGAGATGT	1	0.000106089539571398	1	0.000106089539571398	0
AAAACAAAGTAT	1	0.000106089539571398	1	0.000106089539571398	0
GTCTAATTAGTG	1	0.000106089539571398	1	0.000106089539571398	0
AGTTCTAACCTG	1	0.000106089539571398	1	0.000106089539571398	0
GTAACATAGAAG	1	0.000106089539571398	1	0.000106089539571398	0
GGACAAGCAGCA	2	0.000212179079142797	1	0.000106089539571398	0.693147180559945
CCTTGCTCCCCT	1	0.000106089539571398	1	0.000106089539571398	0
AAAAAAACAAGC	1	0.000106089539571398	1	0.000106089539571398	0
GGGTTGTGGCTC	1	0.000106089539571398	1	0.000106089539571398	0
TGCAAATACATA	2	0.000212179079142797	1	0.000106089539571398	0.693147180559945
CTGGGAGCAGTG	1	0.000106089539571398	1	0.000106089539571398	0
CATTTAGCAGAG	2	0.000212179079142797	1	0.000106089539571398	0.693147180559945
TAGCAGAGATTG	1	0.000106089539571398	1	0.000106089539571398	0
GGGTGAGTCTGA	1	0.000106089539571398	1	0.000106089539571398	0
TGGATCTGCTCA	1	0.000106089539571398	1	0.000106089539571398	0
TTAATCTGTCAG	1	0.000106089539571398	1	0.000106089539571398	0
GATGATGAAGAT	2	0.000212179079142797	1	0.000106089539571398	0.693147180559945
TACATTTTATGT	1	0.000106089539571398	2	0.000212179079142797	-0.693147180559945
TGGGAGTGGGGC	2	0.000212179079142797	1	0.000106089539571398	0.693147180559945
AAATTAGCCAGG	1	0.000106089539571398	1	0.000106089539571398	0
CCTCTGAAAGCT	1	0.000106089539571398	1	0.000106089539571398	0
TACAAAAATTAG	2	0.000212179079142797	1	0.000106089539571398	0.693147180559945
TAGAACTTAAAT	1	0.000106089539571398	1	0.000106089539571398	0
CTACGATTGCGC	1	0.000106089539571398	1	0.000106089539571398	0
TAGCAGAGTTAT	2	0.000212179079142797	1	0.000106089539571398	0.693147180559945
TGCACTCCAGCC	1	0.000106089539571398	1	0.000106089539571398	0
TTGGAAATACTA	2	0.000212179079142797	1	0.000106089539571398	0.693147180559945
AGTTTAAAATAG	1	0.000106089539571398	1	0.000106089539571398	0
GTGTAACATAGA	1	0.000106089539571398	1	0.000106089539571398	0
TTAACAAGCCCT	2	0.000212179079142797	2	0.000212179079142797	0
AACATAGCGAGA	1	0.000106089539571398	1	0.000106089539571398	0
TCACTAGGAGAA	1	0.000106089539571398	1	0.000106089539571398	0
GGTAAATAAGGA	1	0.000106089539571398	1	0.000106089539571398	0
GGGCCCAGCAAT	2	0.000212179079142797	1	0.000106089539571398	0.693147180559945
CCAAGTTCTAAC	1	0.000106089539571398	1	0.000106089539571398	0
GAGGAATGCTTG	1	0.000106089539571398	1	0.000106089539571398	0
CCAGGAGTTCGA	2	0.000212179079142797	1	0.000106089539571398	0.693147180559945
TACAGTGCTGAA	1	0.000106089539571398	1	0.000106089539571398	0
TGTGTGTATAGC	1	0.000106089539571398	1	0.000106089539571398	0
TCAGAAGCAACC	1	0.000106089539571398	1	0.000106089539571398	0
CTGAATCAGAAA	2	0.000212179079142797	1	0.000106089539571398	0.693147180559945
TTAGGGTGAGTC	1	0.000106089539571398	1	0.000106089539571398	0
GTAATCCCAGCT	1	0.000106089539571398	1	0.000106089539571398	0
TACTACTTTATA	1	0.000106089539571398	1	0.000106089539571398	0
CTGTTGTTTCAC	1	0.000106089539571398	1	0.000106089539571398	0
CCATCTGGTTTT	1	0.000106089539571398	1	0.000106089539571398	0
TATATAGGAATT	1	0.000106089539571398	1	0.000106089539571398	0
GTCTGAATAGGA	1	0.000106089539571398	2	0.000212179079142797	-0.693147180559945
CAGGAATGGGCC	1	0.000106089539571398	1	0.000106089539571398	0
GGTAGGTTTGAT	1	0.000106089539571398	1	0.000106089539571398	0
TCGGGCCTGTAG	1	0.000106089539571398	1	0.000106089539571398	0
TGTAACTATCCT	1	0.000106089539571398	1	0.000106089539571398	0
AATCAGAAACTC	2	0.000212179079142797	1	0.000106089539571398	0.693147180559945
GAGGTGGCTCAG	2	0.000212179079142797	1	0.000106089539571398	0.693147180559945
AAGAATGACAAA	1	0.000106089539571398	1	0.000106089539571398	0
AACTCAGGAGCT	1	0.000106089539571398	1	0.000106089539571398	0
AGTCCGCATACT	1	0.000106089539571398	1	0.000106089539571398	0
AGCCCTTAAGGT	2	0.000212179079142797	2	0.000212179079142797	0
TGTAGTCCCAGC	1	0.000106089539571398	1	0.000106089539571398	0
CACCTCATCAAG	1	0.000106089539571398	1	0.000106089539571398	0
GTGGCTCGGGCC	1	0.000106089539571398	1	0.000106089539571398	0
CCCAGCTACTAG	1	0.000106089539571398	1	0.000106089539571398	0
GTATCGCTTGAG	1	0.000106089539571398	1	0.000106089539571398	0
TGGTTTTAATCT	1	0.000106089539571398	1	0.000106089539571398	0
GACAAATGTTAA	1	0.000106089539571398	1	0.000106089539571398	0
TCCTCATATTGG	1	0.000106089539571398	1	0.000106089539571398	0
TATGTCTCCTAT	1	0.000106089539571398	1	0.000106089539571398	0
GTTATTTCCAGT	1	0.000106089539571398	1	0.000106089539571398	0
GCTCGGGCCTGT	1	0.000106089539571398	1	0.000106089539571398	0
TGGGCAAAGTAG	1	0.000106089539571398	1	0.000106089539571398	0
CAGTGAATAGAC	1	0.000106089539571398	1	0.000106089539571398	0
AGTATCGCTTGA	1	0.000106089539571398	1	0.000106089539571398	0
CACTCCAGCCTT	1	0.000106089539571398	1	0.000106089539571398	0
CTACCTAAGCAT	1	0.000106089539571398	1	0.000106089539571398	0
CTCGGGCCTGTA	1	0.000106089539571398	1	0.000106089539571398	0
TCACGCCTGGAA	1	0.000106089539571398	1	0.000106089539571398	0
CCCAAAAGAAAG	1	0.000106089539571398	1	0.000106089539571398	0
CCCATTTTGGAC	2	0.000212179079142797	1	0.000106089539571398	0.693147180559945
CAAATGTTAAAT	1	0.000106089539571398	1	0.000106089539571398	0
AGGCTCAATATC	1	0.000106089539571398	1	0.000106089539571398	0
TGTGATGATGAA	2	0.000212179079142797	1	0.000106089539571398	0.693147180559945
TAGTCTGAATAG	1	0.000106089539571398	1	0.000106089539571398	0
CTTTTATTAAGA	1	0.000106089539571398	1	0.000106089539571398	0
GAGTTCGAGACC	2	0.000212179079142797	1	0.000106089539571398	0.693147180559945
TGACTAAGCTTT	1	0.000106089539571398	2	0.000212179079142797	-0.693147180559945
CACTGGCCGGGC	2	0.000212179079142797	1	0.000106089539571398	0.693147180559945
AAGGATGAGCGT	1	0.000106089539571398	1	0.000106089539571398	0
GCCTGCCTGCTA	1	0.000106089539571398	1	0.000106089539571398	0
TAATTAATGTTG	1	0.000106089539571398	1	0.000106089539571398	0
AATTATGGCAGT	1	0.000106089539571398	1	0.000106089539571398	0
AGGAGAAGCTTA	1	0.000106089539571398	1	0.000106089539571398	0
AACTCTGGGAGT	2	0.000212179079142797	1	0.000106089539571398	0.693147180559945
AGGCGGGAGGAT	3	0.000318268618714195	1	0.000106089539571398	1.09861228866811
TAACATCATATT	2	0.000212179079142797	1	0.000106089539571398	0.693147180559945
TGGAATACATTT	1	0.000106089539571398	1	0.000106089539571398	0
CCAGCCTTATTA	1	0.000106089539571398	1	0.000106089539571398	0
TTAAAATAGACT	1	0.000106089539571398	1	0.000106089539571398	0
ACAGCTATAAAT	1	0.000106089539571398	1	0.000106089539571398	0
TGCTCCCCTAGA	1	0.000106089539571398	1	0.000106089539571398	0
ACTTATAATGAT	1	0.000106089539571398	2	0.000212179079142797	-0.693147180559945
GGGGGCTACCCA	1	0.000106089539571398	1	0.000106089539571398	0
TTTAATCTGTCA	1	0.000106089539571398	1	0.000106089539571398	0
AGGTTAACAGCC	1	0.000106089539571398	1	0.000106089539571398	0
CTCCACTCCAGC	1	0.000106089539571398	1	0.000106089539571398	0
TCAACTTAACTT	1	0.000106089539571398	1	0.000106089539571398	0
CATAGCGAGACC	1	0.000106089539571398	2	0.000212179079142797	-0.693147180559945
TCTGATACCAAC	1	0.000106089539571398	1	0.000106089539571398	0
TATGGTGCCACA	1	0.000106089539571398	1	0.000106089539571398	0
CTAAGGATATAC	1	0.000106089539571398	1	0.000106089539571398	0
TTAGTCTCCCCT	2	0.000212179079142797	1	0.000106089539571398	0.693147180559945
TCCACTTTAAAA	1	0.000106089539571398	1	0.000106089539571398	0
ACTGAATCAGAA	2	0.000212179079142797	1	0.000106089539571398	0.693147180559945
AGGTTTGATAGG	1	0.000106089539571398	1	0.000106089539571398	0
GTACAAACTTAT	1	0.000106089539571398	1	0.000106089539571398	0
TGGGGCCCAGCA	2	0.000212179079142797	1	0.000106089539571398	0.693147180559945
ATTGAATAAACT	1	0.000106089539571398	1	0.000106089539571398	0
GATTAATTGGAT	1	0.000106089539571398	1	0.000106089539571398	0
ATGAGCGTCTCA	1	0.000106089539571398	1	0.000106089539571398	0
CTTCAAATGGGC	1	0.000106089539571398	1	0.000106089539571398	0
AGGGAGGAATGC	1	0.000106089539571398	1	0.000106089539571398	0
AAACTTATTATA	1	0.000106089539571398	1	0.000106089539571398	0
GGGCAACATACT	1	0.000106089539571398	1	0.000106089539571398	0
CCAGTCATTTAG	2	0.000212179079142797	1	0.000106089539571398	0.693147180559945
GAGAGTAGCATG	1	0.000106089539571398	1	0.000106089539571398	0
CTCAACTCAGCA	2	0.000212179079142797	1	0.000106089539571398	0.693147180559945
CCTGGGCAAAGT	1	0.000106089539571398	1	0.000106089539571398	0
CTACCCATGTTC	1	0.000106089539571398	1	0.000106089539571398	0
GTGAAGTGTTTA	1	0.000106089539571398	1	0.000106089539571398	0
CATCAGCATCAC	2	0.000212179079142797	1	0.000106089539571398	0.693147180559945
CTCTCTACAAAA	1	0.000106089539571398	1	0.000106089539571398	0
GGAGTTCAAGAC	1	0.000106089539571398	1	0.000106089539571398	0
AATACTTACAAA	1	0.000106089539571398	1	0.000106089539571398	0
ACAAATGTTAAA	1	0.000106089539571398	1	0.000106089539571398	0
GGGCAAAGTAGT	1	0.000106089539571398	1	0.000106089539571398	0
TATTAATGTCAT	1	0.000106089539571398	2	0.000212179079142797	-0.693147180559945
ATGCATAATATG	1	0.000106089539571398	1	0.000106089539571398	0
ATTGCAGCCCCG	1	0.000106089539571398	1	0.000106089539571398	0
AGGCCTGTAATC	2	0.000212179079142797	2	0.000212179079142797	0
TTATTAAGAATG	1	0.000106089539571398	1	0.000106089539571398	0
TGCTCAGGAGCA	1	0.000106089539571398	1	0.000106089539571398	0
GGTGCATAAAAT	1	0.000106089539571398	1	0.000106089539571398	0
CCCATCTCTACA	1	0.000106089539571398	1	0.000106089539571398	0
AGGTGGCTCAGG	2	0.000212179079142797	1	0.000106089539571398	0.693147180559945
GCCAGGGGTTGT	1	0.000106089539571398	1	0.000106089539571398	0
GACATGTCAAGA	1	0.000106089539571398	2	0.000212179079142797	-0.693147180559945
GATCCCCTCTCT	1	0.000106089539571398	1	0.000106089539571398	0
CATTAATAACTT	1	0.000106089539571398	1	0.000106089539571398	0
AGTTTTAACAAG	2	0.000212179079142797	1	0.000106089539571398	0.693147180559945
ACACACTGAAGG	1	0.000106089539571398	1	0.000106089539571398	0
CATCTTACAGTT	1	0.000106089539571398	1	0.000106089539571398	0
GATTGCGCCACT	1	0.000106089539571398	1	0.000106089539571398	0
TATATACCCAAA	1	0.000106089539571398	1	0.000106089539571398	0
GGGTGAAGTGTT	1	0.000106089539571398	1	0.000106089539571398	0
ATAGCAGAGATT	1	0.000106089539571398	1	0.000106089539571398	0
