AATCTAATAATC	1	0.00013984058173682	1	0.00013984058173682	0
TCCAAAAGACAG	1	0.00013984058173682	1	0.00013984058173682	0
GCTCACTGGTTA	1	0.00013984058173682	1	0.00013984058173682	0
CTGTGTTTTAAC	1	0.00013984058173682	1	0.00013984058173682	0
ACCACAGTTAGG	1	0.00013984058173682	1	0.00013984058173682	0
TGTTAGAAATGC	2	0.00027968116347364	1	0.00013984058173682	0.693147180559945
TGTAACTCAAAG	1	0.00013984058173682	1	0.00013984058173682	0
ACAGTTTGGAGG	1	0.00013984058173682	1	0.00013984058173682	0
TGGTCCCCGGAC	2	0.00027968116347364	1	0.00013984058173682	0.693147180559945
TCAGCATCACCT	4	0.00055936232694728	1	0.00013984058173682	1.38629436111989
GACCTACTGAAT	1	0.00013984058173682	1	0.00013984058173682	0
CCTACTGAATCA	1	0.00013984058173682	1	0.00013984058173682	0
TACACTCTTCAT	1	0.00013984058173682	1	0.00013984058173682	0
AGACCTACTGAA	1	0.00013984058173682	1	0.00013984058173682	0
GTAATTGGATTG	1	0.00013984058173682	1	0.00013984058173682	0
AGGGCATGGTGG	1	0.00013984058173682	1	0.00013984058173682	0
TGTGTTGTTAAC	1	0.00013984058173682	1	0.00013984058173682	0
TGGGAGTGGGGC	1	0.00013984058173682	1	0.00013984058173682	0
GTGTGCCTGCTT	1	0.00013984058173682	1	0.00013984058173682	0
GAATCAGAAACT	1	0.00013984058173682	1	0.00013984058173682	0
GGGGCCCAGCAA	1	0.00013984058173682	2	0.00027968116347364	-0.693147180559945
GGATTGTTTGTA	1	0.00013984058173682	1	0.00013984058173682	0
GTTCAGAAAACT	1	0.00013984058173682	1	0.00013984058173682	0
AAAATAAGAAAG	1	0.00013984058173682	1	0.00013984058173682	0
CCCCGGACCAGC	1	0.00013984058173682	1	0.00013984058173682	0
CATAGAGAGTAG	1	0.00013984058173682	1	0.00013984058173682	0
TTCTCGGGCCCC	1	0.00013984058173682	1	0.00013984058173682	0
AAGGATGGTTAC	1	0.00013984058173682	1	0.00013984058173682	0
