GCTTTATTGTGG	1	0.000217485863418878	1	0.000217485863418878	0
TGTATACTCATC	1	0.000217485863418878	1	0.000217485863418878	0
AAGAGGCAGATT	1	0.000217485863418878	1	0.000217485863418878	0
ACCTAAAATACT	3	0.000652457590256633	1	0.000217485863418878	1.09861228866811
CTTTCATACTTA	1	0.000217485863418878	1	0.000217485863418878	0
TGTCAAAACTCT	1	0.000217485863418878	1	0.000217485863418878	0
TCTGGAAGCTGT	1	0.000217485863418878	1	0.000217485863418878	0
GGTCTAGCTGTT	1	0.000217485863418878	1	0.000217485863418878	0
TGTTAATCGTGT	1	0.000217485863418878	1	0.000217485863418878	0
AGTTGAACAACA	1	0.000217485863418878	1	0.000217485863418878	0
ATTGAATCCTGA	1	0.000217485863418878	1	0.000217485863418878	0
AGGGTTGTAATC	1	0.000217485863418878	1	0.000217485863418878	0
CAGAAATTGTAC	1	0.000217485863418878	2	0.000434971726837756	-0.693147180559945
ATTTGGATCCTA	2	0.000434971726837756	1	0.000217485863418878	0.693147180559945
GAAGAGGCTTTC	1	0.000217485863418878	1	0.000217485863418878	0
GTTCTAAAATAG	1	0.000217485863418878	1	0.000217485863418878	0
GAGTGTTGTATG	2	0.000434971726837756	1	0.000217485863418878	0.693147180559945
ATCCTGAACAAT	1	0.000217485863418878	1	0.000217485863418878	0
ATTTTTGAGGGC	1	0.000217485863418878	1	0.000217485863418878	0
GTGAATTGTTTA	1	0.000217485863418878	1	0.000217485863418878	0
AATAGGTGTTAA	1	0.000217485863418878	1	0.000217485863418878	0
TATACTACATAA	1	0.000217485863418878	1	0.000217485863418878	0
GTCATAAATTAG	1	0.000217485863418878	1	0.000217485863418878	0
TCACATGGGGAA	2	0.000434971726837756	1	0.000217485863418878	0.693147180559945
TTGTTAATCGTG	1	0.000217485863418878	1	0.000217485863418878	0
AGTGTTGTATGG	2	0.000434971726837756	1	0.000217485863418878	0.693147180559945
GGTGGCTCATGC	1	0.000217485863418878	1	0.000217485863418878	0
CTACTCATTATT	1	0.000217485863418878	1	0.000217485863418878	0
GAGTAGAAGAGG	1	0.000217485863418878	1	0.000217485863418878	0
TGTAATCAGATT	1	0.000217485863418878	1	0.000217485863418878	0
AATCCTGAACAA	1	0.000217485863418878	1	0.000217485863418878	0
AAAATCAAAAAC	1	0.000217485863418878	1	0.000217485863418878	0
AAGTCCTTAGTG	1	0.000217485863418878	1	0.000217485863418878	0
CTACATAAGCCT	1	0.000217485863418878	1	0.000217485863418878	0
CAGCAGAAATTG	1	0.000217485863418878	1	0.000217485863418878	0
ACTGGCTTCAGC	1	0.000217485863418878	1	0.000217485863418878	0
GCTTTCATTGGT	1	0.000217485863418878	1	0.000217485863418878	0
CTAATTGTAAGC	1	0.000217485863418878	1	0.000217485863418878	0
AAGGGTTGTAAT	1	0.000217485863418878	1	0.000217485863418878	0
CAGATTACAAGT	1	0.000217485863418878	1	0.000217485863418878	0
TCAAGATAGCTA	1	0.000217485863418878	1	0.000217485863418878	0
ACTGAGATCCTT	1	0.000217485863418878	1	0.000217485863418878	0
ATTTGTTCACAT	1	0.000217485863418878	1	0.000217485863418878	0
CACATGGGGAAT	1	0.000217485863418878	1	0.000217485863418878	0
ATGGTTCCAGTC	2	0.000434971726837756	1	0.000217485863418878	0.693147180559945
TGCCTCAACTGT	1	0.000217485863418878	1	0.000217485863418878	0
AAGACTAGTTCT	1	0.000217485863418878	1	0.000217485863418878	0
ATTACCCAATAT	1	0.000217485863418878	1	0.000217485863418878	0
TAATGGACTGAG	2	0.000434971726837756	1	0.000217485863418878	0.693147180559945
GTAAACTAAGAG	1	0.000217485863418878	1	0.000217485863418878	0
TATCTTTGCCAA	1	0.000217485863418878	1	0.000217485863418878	0
GTTTTATAGCAC	1	0.000217485863418878	1	0.000217485863418878	0
CAAACTCAGCCA	1	0.000217485863418878	1	0.000217485863418878	0
TGGCAGTTAAAC	1	0.000217485863418878	1	0.000217485863418878	0
GGTCAGTGCAAC	1	0.000217485863418878	1	0.000217485863418878	0
TTATGGTAGGTT	1	0.000217485863418878	1	0.000217485863418878	0
TAAAAACTAATA	2	0.000434971726837756	1	0.000217485863418878	0.693147180559945
AATTGTATAATT	1	0.000217485863418878	1	0.000217485863418878	0
