AATAGACTCTTG	1	0.000249937515621095	1	0.000249937515621095	0
